--------------------------------------------------------------------------------
Lattice Synthesis Timing Report, Version  
Wed Jun 15 13:36:26 2016

Copyright (c) 1991-1994 by NeoCAD Inc. All rights reserved.
Copyright (c) 1995 AT&T Corp.   All rights reserved.
Copyright (c) 1995-2001 Lucent Technologies Inc.  All rights reserved.
Copyright (c) 2001 Agere Systems   All rights reserved.
Copyright (c) 2002-2016 Lattice Semiconductor Corporation,  All rights reserved.

Report Information
------------------
Design:     RTC
Constraint file:  
Report level:    verbose report, limited to 3 items per constraint
--------------------------------------------------------------------------------



================================================================================
Constraint: create_clock -period 1000.000000 -name clk0 [get_nets R4_c]
            1112 items scored, 0 timing errors detected.
--------------------------------------------------------------------------------


Passed:  The following path meets requirements by 989.942ns

 Logical Details:  Cell type  Pin type       Cell name  (clock net +/-)

   Source:         FD1S3IX    CK             \comp_PIF_RTC/one_sec_cnt_15__i14  (from R4_c +)
   Destination:    FD1S3AX    D              \comp_PIF_RTC/pps_p_sig_19  (to R4_c +)

   Delay:                   9.898ns  (29.4% logic, 70.6% route), 6 logic levels.

 Constraint Details:

      9.898ns data_path \comp_PIF_RTC/one_sec_cnt_15__i14 to \comp_PIF_RTC/pps_p_sig_19 meets
    1000.000ns delay constraint less
      0.160ns L_S requirement (totaling 999.840ns) by 989.942ns

 Path Details: \comp_PIF_RTC/one_sec_cnt_15__i14 to \comp_PIF_RTC/pps_p_sig_19

   Name    Fanout   Delay (ns)          Pins               Resource(Cell.Net)
L_CO        ---     0.444             CK to Q              \comp_PIF_RTC/one_sec_cnt_15__i14 (from R4_c)
Route         2   e 1.198                                  \comp_PIF_RTC/one_sec_cnt[14]
LUT4        ---     0.493              D to Z              \comp_PIF_RTC/i10_4_lut
Route         1   e 0.941                                  \comp_PIF_RTC/n24
LUT4        ---     0.493              B to Z              \comp_PIF_RTC/i12_4_lut
Route         1   e 0.941                                  \comp_PIF_RTC/n26
LUT4        ---     0.493              B to Z              \comp_PIF_RTC/i165_4_lut
Route         1   e 0.941                                  \comp_PIF_RTC/n265
LUT4        ---     0.493              B to Z              \comp_PIF_RTC/i166_4_lut
Route        26   e 2.027                                  \comp_PIF_RTC/n163
LUT4        ---     0.493              B to Z              \comp_PIF_RTC/i1_2_lut_adj_9
Route         1   e 0.941                                  \comp_PIF_RTC/PPS_P_N_131
                  --------
                    9.898  (29.4% logic, 70.6% route), 6 logic levels.


Passed:  The following path meets requirements by 989.942ns

 Logical Details:  Cell type  Pin type       Cell name  (clock net +/-)

   Source:         FD1S3IX    CK             \comp_PIF_RTC/one_sec_cnt_15__i14  (from R4_c +)
   Destination:    FD1S3AX    D              \comp_PIF_RTC/pps_r_sig_20  (to R4_c +)

   Delay:                   9.898ns  (29.4% logic, 70.6% route), 6 logic levels.

 Constraint Details:

      9.898ns data_path \comp_PIF_RTC/one_sec_cnt_15__i14 to \comp_PIF_RTC/pps_r_sig_20 meets
    1000.000ns delay constraint less
      0.160ns L_S requirement (totaling 999.840ns) by 989.942ns

 Path Details: \comp_PIF_RTC/one_sec_cnt_15__i14 to \comp_PIF_RTC/pps_r_sig_20

   Name    Fanout   Delay (ns)          Pins               Resource(Cell.Net)
L_CO        ---     0.444             CK to Q              \comp_PIF_RTC/one_sec_cnt_15__i14 (from R4_c)
Route         2   e 1.198                                  \comp_PIF_RTC/one_sec_cnt[14]
LUT4        ---     0.493              D to Z              \comp_PIF_RTC/i10_4_lut
Route         1   e 0.941                                  \comp_PIF_RTC/n24
LUT4        ---     0.493              B to Z              \comp_PIF_RTC/i12_4_lut
Route         1   e 0.941                                  \comp_PIF_RTC/n26
LUT4        ---     0.493              B to Z              \comp_PIF_RTC/i165_4_lut
Route         1   e 0.941                                  \comp_PIF_RTC/n265
LUT4        ---     0.493              B to Z              \comp_PIF_RTC/i166_4_lut
Route        26   e 2.027                                  \comp_PIF_RTC/n163
LUT4        ---     0.493              B to Z              \comp_PIF_RTC/i1_2_lut
Route         1   e 0.941                                  \comp_PIF_RTC/PPS_R_N_132
                  --------
                    9.898  (29.4% logic, 70.6% route), 6 logic levels.


Passed:  The following path meets requirements by 989.942ns

 Logical Details:  Cell type  Pin type       Cell name  (clock net +/-)

   Source:         FD1S3IX    CK             \comp_PIF_RTC/one_sec_cnt_15__i12  (from R4_c +)
   Destination:    FD1S3AX    D              \comp_PIF_RTC/pps_p_sig_19  (to R4_c +)

   Delay:                   9.898ns  (29.4% logic, 70.6% route), 6 logic levels.

 Constraint Details:

      9.898ns data_path \comp_PIF_RTC/one_sec_cnt_15__i12 to \comp_PIF_RTC/pps_p_sig_19 meets
    1000.000ns delay constraint less
      0.160ns L_S requirement (totaling 999.840ns) by 989.942ns

 Path Details: \comp_PIF_RTC/one_sec_cnt_15__i12 to \comp_PIF_RTC/pps_p_sig_19

   Name    Fanout   Delay (ns)          Pins               Resource(Cell.Net)
L_CO        ---     0.444             CK to Q              \comp_PIF_RTC/one_sec_cnt_15__i12 (from R4_c)
Route         2   e 1.198                                  \comp_PIF_RTC/one_sec_cnt[12]
LUT4        ---     0.493              A to Z              \comp_PIF_RTC/i10_4_lut
Route         1   e 0.941                                  \comp_PIF_RTC/n24
LUT4        ---     0.493              B to Z              \comp_PIF_RTC/i12_4_lut
Route         1   e 0.941                                  \comp_PIF_RTC/n26
LUT4        ---     0.493              B to Z              \comp_PIF_RTC/i165_4_lut
Route         1   e 0.941                                  \comp_PIF_RTC/n265
LUT4        ---     0.493              B to Z              \comp_PIF_RTC/i166_4_lut
Route        26   e 2.027                                  \comp_PIF_RTC/n163
LUT4        ---     0.493              B to Z              \comp_PIF_RTC/i1_2_lut_adj_9
Route         1   e 0.941                                  \comp_PIF_RTC/PPS_P_N_131
                  --------
                    9.898  (29.4% logic, 70.6% route), 6 logic levels.

Report: 10.058 ns is the maximum delay for this constraint.


Timing Report Summary
--------------
--------------------------------------------------------------------------------
Constraint                              |   Constraint|       Actual|Levels
--------------------------------------------------------------------------------
                                        |             |             |
create_clock -period 1000.000000 -name  |             |             |
clk0 [get_nets R4_c]                    |  1000.000 ns|    10.058 ns|     6  
                                        |             |             |
--------------------------------------------------------------------------------


All constraints were met.



Timing summary:
---------------

Timing errors: 0  Score: 0

Constraints cover  1246 paths, 158 nets, and 323 connections (98.2% coverage)


Peak memory: 79835136 bytes, TRCE: 1220608 bytes, DLYMAN: 4096 bytes
CPU_TIME_REPORT: 0 secs 
